// Jest Snapshot v1, https://goo.gl/fbAQLP

exports[`rendering components More Less buttons should render 1`] = `
<Provider
  store={
    Object {
      "clearActions": [Function],
      "dispatch": [Function],
      "getActions": [Function],
      "getState": [Function],
      "replaceReducer": [Function],
      "subscribe": [Function],
    }
  }
>
  <RenderMoreLessButton>
    <div>
      <p
        className="font-weight-bold"
      >
        Current Price: $
        3.60
      </p>
      <div
        key="0"
      >
        <p
          className="font-weight-bold"
        >
          LETTUCE
        </p>
        <styled.button
          className="text-white m-2"
          data-test="0-more"
          onClick={[Function]}
        >
          <button
            className="sc-bdvvtL hDJSsQ text-white m-2"
            data-test="0-more"
            onClick={[Function]}
          >
            More
          </button>
        </styled.button>
        <styled.button
          className="text-white m-2"
          data-test="0-less"
          onClick={[Function]}
        >
          <button
            className="sc-bdvvtL hDJSsQ text-white m-2"
            data-test="0-less"
            onClick={[Function]}
          >
            Less
          </button>
        </styled.button>
      </div>
      <div
        key="1"
      >
        <p
          className="font-weight-bold"
        >
          BACON
        </p>
        <styled.button
          className="text-white m-2"
          data-test="1-more"
          onClick={[Function]}
        >
          <button
            className="sc-bdvvtL hDJSsQ text-white m-2"
            data-test="1-more"
            onClick={[Function]}
          >
            More
          </button>
        </styled.button>
        <styled.button
          className="text-white m-2"
          data-test="1-less"
          onClick={[Function]}
        >
          <button
            className="sc-bdvvtL hDJSsQ text-white m-2"
            data-test="1-less"
            onClick={[Function]}
          >
            Less
          </button>
        </styled.button>
      </div>
      <div
        key="2"
      >
        <p
          className="font-weight-bold"
        >
          CHEESE
        </p>
        <styled.button
          className="text-white m-2"
          data-test="2-more"
          onClick={[Function]}
        >
          <button
            className="sc-bdvvtL hDJSsQ text-white m-2"
            data-test="2-more"
            onClick={[Function]}
          >
            More
          </button>
        </styled.button>
        <styled.button
          className="text-white m-2"
          data-test="2-less"
          onClick={[Function]}
        >
          <button
            className="sc-bdvvtL hDJSsQ text-white m-2"
            data-test="2-less"
            onClick={[Function]}
          >
            Less
          </button>
        </styled.button>
      </div>
      <div
        key="3"
      >
        <p
          className="font-weight-bold"
        >
          MEAT
        </p>
        <styled.button
          className="text-white m-2"
          data-test="3-more"
          onClick={[Function]}
        >
          <button
            className="sc-bdvvtL hDJSsQ text-white m-2"
            data-test="3-more"
            onClick={[Function]}
          >
            More
          </button>
        </styled.button>
        <styled.button
          className="text-white m-2"
          data-test="3-less"
          onClick={[Function]}
        >
          <button
            className="sc-bdvvtL hDJSsQ text-white m-2"
            data-test="3-less"
            onClick={[Function]}
          >
            Less
          </button>
        </styled.button>
      </div>
    </div>
  </RenderMoreLessButton>
</Provider>
`;
