// Jest Snapshot v1, https://goo.gl/fbAQLP

exports[`rendering components NavBar should be rendered 1`] = `
<nav
  className="navbar navbar-light"
>
  <div
    className="container-fluid"
  >
    <a
      className="navbar-brand"
      href="#"
    >
      <img
        alt=""
        className="align-text-top m-1"
        height="40"
        src="/images/burger.png"
        width="50"
      />
    </a>
  </div>
</nav>
`;
